C51 COMPILER V9.60.0.0   INTERRUPTS                                                        04/23/2021 07:39:25 PAGE 1   


C51 COMPILER V9.60.0.0, COMPILATION OF MODULE INTERRUPTS
OBJECT MODULE PLACED IN .\src\Interrupts.OBJ
COMPILER INVOKED BY: c:\SiliconLabs\SimplicityStudio\v4\developer\toolchains\keil_8051\9.60\BIN\C51.exe C:\Users\glen\Si
                    -mplicityStudio\v4_workspace\EFM8UB2_HID_VendorDefined_Knobs_01\src\Interrupts.c OMF2 SMALL DEBUG OBJECTEXTEND ROM(LARGE)
                    - WARNINGLEVEL(2) FLOATFUZZY(3) OPTIMIZE(8,SPEED) INTVECTOR(0X0000) INTPROMOTE INCDIR(C:\Users\glen\SimplicityStudio\v4_w
                    -orkspace\EFM8UB2_HID_VendorDefined_Knobs_01\inc;C:\Users\glen\SimplicityStudio\v4_workspace\EFM8UB2_HID_VendorDefined_Kn
                    -obs_01\inc\config;C:/SiliconLabs/SimplicityStudio/v4/developer/sdks/8051/v4.1.7//kits/EFM8UB2_SLSTK2001A/config;C:/Silic
                    -onLabs/SimplicityStudio/v4/developer/sdks/8051/v4.1.7//Lib/efm8_assert;C:/SiliconLabs/SimplicityStudio/v4/developer/sdks
                    -/8051/v4.1.7//Lib/efm8_usb/inc;C:/SiliconLabs/SimplicityStudio/v4/developer/sdks/8051/v4.1.7//Device/EFM8UB2/peripheral_
                    -driver/inc;C:/SiliconLabs/SimplicityStudio/v4/developer/sdks/8051/v4.1.7//kits/common/bsp;C:/SiliconLabs/SimplicityStudi
                    -o/v4/developer/sdks/8051/v4.1.7//Device/shared/si8051Base;C:/SiliconLabs/SimplicityStudio/v4/developer/sdks/8051/v4.1.7/
                    -/Device/EFM8UB2/inc) REGFILE(EFM8UB2_HID_VendorDefined_Knobs_01.ORC) PRINT(.\src\Interrupts.lst) COND PAGEWIDTH(120) PAG
                    -ELENGTH(65) OBJECT(.\src\Interrupts.OBJ)

line level    source

   1          //=========================================================
   2          // src/Interrupts.c: generated by Hardware Configurator
   3          //
   4          // This file will be regenerated when saving a document.
   5          // leave the sections inside the "$[...]" comment tags alone
   6          // or they will be overwritten!
   7          //=========================================================
   8          
   9          
  10          // USER INCLUDES
  11          #include <SI_EFM8UB2_Register_Enums.h>
  12          
  13          


MODULE INFORMATION:   STATIC OVERLAYABLE
   CODE SIZE        =   ----    ----
   CONSTANT SIZE    =   ----    ----
   XDATA SIZE       =   ----    ----
   PDATA SIZE       =   ----    ----
   DATA SIZE        =   ----    ----
   IDATA SIZE       =   ----    ----
   BIT SIZE         =   ----    ----
   EDATA SIZE       =   ----    ----
   HDATA SIZE       =   ----    ----
   XDATA CONST SIZE =   ----    ----
   FAR CONST SIZE   =   ----    ----
END OF MODULE INFORMATION.


C51 COMPILATION COMPLETE.  0 WARNING(S),  0 ERROR(S)
